[app.datablist.com/d/HoqyG0Jlc8kybpgiJBCj/32b10b45cbf44ad49740/import]
[backblue.gif]
[fade.gif]
[index.html]
[connect.facebook.net/en_US/fbevents.js]
[tag.clearbitscripts.com/v1/pk_71cc79486a768741fdac8d3d6300792b/tags.js]
[app.datablist.com/_next/static/css/52b579abe2eeaeac.css]
[app.datablist.com/_next/static/chunks/polyfills-c67a75d1b6f99dc8.js]
[app.datablist.com/_next/static/chunks/webpack-47241b52a2192b28.js]
[app.datablist.com/_next/static/chunks/framework-c71612ee5f7f3308.js]
[app.datablist.com/_next/static/chunks/main-5bd4855fbcee95e8.js]
[app.datablist.com/_next/static/chunks/pages/_app-c2f793794355fd67.js]
[app.datablist.com/_next/static/chunks/c7773329-4b7ef4b8d65357f6.js]
[app.datablist.com/_next/static/chunks/17007de1-a73f399dd2dba1bd.js]
[app.datablist.com/_next/static/chunks/f6665f30-7e176530d876d583.js]
[app.datablist.com/_next/static/chunks/74-ac28c1c571a1ed79.js]
[app.datablist.com/_next/static/chunks/1209-78b515716ce532a8.js]
[app.datablist.com/_next/static/chunks/5204-e7866d36ecee3307.js]
[app.datablist.com/_next/static/chunks/5436-0545b23cf0485569.js]
[app.datablist.com/_next/static/chunks/2845-b215ee910400f057.js]
[app.datablist.com/_next/static/chunks/pages/d/[namespace]/[collection]/import-0f776c27ec3602a4.js]
[app.datablist.com/_next/static/pJsK0Z9pJwqXr_-DN5auq/_buildManifest.js]
[app.datablist.com/_next/static/pJsK0Z9pJwqXr_-DN5auq/_ssgManifest.js]
[app.datablist.com/d/HoqyG0Jlc8kybpgiJBCj/32b10b45cbf44ad49740/import]
[app.datablist.com/d/HoqyG0Jlc8kybpgiJBCj/32b10b45cbf44ad49740/a.15.delayed]
[app.datablist.com/d/HoqyG0Jlc8kybpgiJBCj/32b10b45cbf44ad49740/POST.16.delayed]
[app.datablist.com/d/HoqyG0Jlc8kybpgiJBCj/32b10b45cbf44ad49740/b.17.delayed]
[app.datablist.com/signals/iwl.18.delayed]
[connect.facebook.net/en_US/fbevents.js]
[app.datablist.com/_next/static/css/52b579abe2eeaeac.css]
[app.datablist.com/_next/static/css/96714b743b89e1d3.css]
[app.datablist.com/d/HoqyG0Jlc8kybpgiJBCj/32b10b45cbf44ad49740/404]
[app.datablist.com/d/HoqyG0Jlc8kybpgiJBCj/32b10b45cbf44ad49740/404-2]
[app.datablist.com/d/HoqyG0Jlc8kybpgiJBCj/32b10b45cbf44ad49740/schema.19.delayed]
[app.datablist.com/d/HoqyG0Jlc8kybpgiJBCj/32b10b45cbf44ad49740/schema.org/index.html]
[app.datablist.com/d/HoqyG0Jlc8kybpgiJBCj/32b10b45cbf44ad49740/404-3]
[app.datablist.com/signals/404]
[app.datablist.com/d/HoqyG0Jlc8kybpgiJBCj/32b10b45cbf44ad49740/404-4]
